Collecting pyyaml
  Downloading pyyaml-6.0.3-cp312-cp312-manylinux2014_x86_64.manylinux_2_17_x86_64.manylinux_2_28_x86_64.whl.metadata (2.4 kB)
Collecting pytest
  Using cached pytest-9.1.1-py3-none-any.whl.metadata (7.6 kB)
Collecting pandas==2.2.3 (from -r requirements.txt (line 1))
  Using cached pandas-2.2.3-cp312-cp312-manylinux_2_17_x86_64.manylinux2014_x86_64.whl.metadata (89 kB)
Collecting pyarrow==17.0.0 (from -r requirements.txt (line 2))
  Using cached pyarrow-17.0.0-cp312-cp312-manylinux_2_28_x86_64.whl.metadata (3.3 kB)
Collecting pyyaml
  Using cached PyYAML-6.0.2-cp312-cp312-manylinux_2_17_x86_64.manylinux2014_x86_64.whl.metadata (2.1 kB)
Collecting numpy>=1.26.0 (from pandas==2.2.3->-r requirements.txt (line 1))
  Using cached numpy-2.5.1-cp312-cp312-manylinux_2_27_x86_64.manylinux_2_28_x86_64.whl.metadata (6.6 kB)
Collecting python-dateutil>=2.8.2 (from pandas==2.2.3->-r requirements.txt (line 1))
  Using cached python_dateutil-2.9.0.post0-py2.py3-none-any.whl.metadata (8.4 kB)
Collecting pytz>=2020.1 (from pandas==2.2.3->-r requirements.txt (line 1))
  Using cached pytz-2026.3.post1-py2.py3-none-any.whl.metadata (22 kB)
Collecting tzdata>=2022.7 (from pandas==2.2.3->-r requirements.txt (line 1))
  Using cached tzdata-2026.3-py2.py3-none-any.whl.metadata (1.4 kB)
Collecting iniconfig>=1.0.1 (from pytest)
  Using cached iniconfig-2.3.0-py3-none-any.whl.metadata (2.5 kB)
Collecting packaging>=22 (from pytest)
  Using cached packaging-26.2-py3-none-any.whl.metadata (3.5 kB)
Collecting pluggy<2,>=1.5 (from pytest)
  Using cached pluggy-1.6.0-py3-none-any.whl.metadata (4.8 kB)
Collecting pygments>=2.7.2 (from pytest)
  Using cached pygments-2.20.0-py3-none-any.whl.metadata (2.5 kB)
Collecting six>=1.5 (from python-dateutil>=2.8.2->pandas==2.2.3->-r requirements.txt (line 1))
  Using cached six-1.17.0-py2.py3-none-any.whl.metadata (1.7 kB)
Using cached PyYAML-6.0.2-cp312-cp312-manylinux_2_17_x86_64.manylinux2014_x86_64.whl (767 kB)
Using cached pandas-2.2.3-cp312-cp312-manylinux_2_17_x86_64.manylinux2014_x86_64.whl (12.7 MB)
Using cached pyarrow-17.0.0-cp312-cp312-manylinux_2_28_x86_64.whl (39.9 MB)
Using cached pytest-9.1.1-py3-none-any.whl (386 kB)
Using cached pluggy-1.6.0-py3-none-any.whl (20 kB)
Using cached iniconfig-2.3.0-py3-none-any.whl (7.5 kB)
Using cached numpy-2.5.1-cp312-cp312-manylinux_2_27_x86_64.manylinux_2_28_x86_64.whl (16.7 MB)
Using cached packaging-26.2-py3-none-any.whl (100 kB)
Using cached pygments-2.20.0-py3-none-any.whl (1.2 MB)
Using cached python_dateutil-2.9.0.post0-py2.py3-none-any.whl (229 kB)
Using cached pytz-2026.3.post1-py2.py3-none-any.whl (508 kB)
Using cached six-1.17.0-py2.py3-none-any.whl (11 kB)
Using cached tzdata-2026.3-py2.py3-none-any.whl (348 kB)
Installing collected packages: pytz, tzdata, six, pyyaml, pygments, pluggy, packaging, numpy, iniconfig, python-dateutil, pytest, pyarrow, pandas

Successfully installed iniconfig-2.3.0 numpy-2.5.1 packaging-26.2 pandas-2.2.3 pluggy-1.6.0 pyarrow-17.0.0 pygments-2.20.0 pytest-9.1.1 python-dateutil-2.9.0.post0 pytz-2026.3.post1 pyyaml-6.0.2 six-1.17.0 tzdata-2026.3
